<div class='user'>4524</div><div class='left_balloon'>454</div><div class='user'>4524</div><div class='left_balloon'>454</div><div class='user'>56635</div><div class='left_balloon'>45664</div><div class='user'>524</div><div class='left_balloon'>454</div><div class='user'>524412</div><div class='left_balloon'>4544524</div><div class='user'>54654</div><div class='left_balloon'>454</div><div class='user'>0</div><div class='left_balloon'>0</div><div class='user'>0</div><div class='left_balloon'>0</div><div class='user'>0</div><div class='left_balloon'>0</div>